[13:00:25.188] [INFO] [36mInitializing Storybook[39m
[13:00:25.531] [DEBUG] Getting package.json info for e:/Rakesh/CommAPP/frontend/package.json...
[13:00:25.532] [DEBUG] Getting CLI versions from NPM for storybook...
[13:00:25.532] [DEBUG] Executing command: npm info storybook version
[13:00:26.298] [INFO] Adding Storybook version 10.1.4 to your project
[13:00:26.299] [INFO] Installing Storybook for user specified project type: nextjs
[13:00:26.302] [INFO] Framework detected: nextjs-vite
[13:00:26.303] [DEBUG] Getting installed version for vitest...
[13:00:26.303] [DEBUG] Executing command: npm ls --json --depth=99 2>NUL
[13:00:26.954] [DEBUG] Executing command: npm ls --json --depth=0 2>NUL
[13:00:27.575] [DEBUG] An issue occurred while trying to find dependencies metadata using npm: Error: Command failed with exit code 1: npm.cmd ls --json --depth=0 2>NUL
npm error code EINVALIDTAGNAME
npm error Invalid tag name "2>NUL" of package "2>NUL": Tags may not have any characters that encodeURIComponent encodes.
npm error A complete log of this run can be found in: C:\Users\dhuri\AppData\Local\npm-cache\_logs\2025-12-04T07_30_27_169Z-debug-0.log
{
  "error": {
    "code": "EINVALIDTAGNAME",
    "summary": "Invalid tag name \"2>NUL\" of package \"2>NUL\": Tags may not have any characters that encodeURIComponent encodes.",
    "detail": ""
  }
}
[13:00:27.575] [DEBUG] Getting installed version for msw...
[13:00:27.575] [DEBUG] Executing command: npm ls --json --depth=99 2>NUL
[13:00:28.197] [DEBUG] Executing command: npm ls --json --depth=0 2>NUL
[13:00:28.825] [DEBUG] An issue occurred while trying to find dependencies metadata using npm: Error: Command failed with exit code 1: npm.cmd ls --json --depth=0 2>NUL
npm error code EINVALIDTAGNAME
npm error Invalid tag name "2>NUL" of package "2>NUL": Tags may not have any characters that encodeURIComponent encodes.
npm error A complete log of this run can be found in: C:\Users\dhuri\AppData\Local\npm-cache\_logs\2025-12-04T07_30_28_412Z-debug-0.log
{
  "error": {
    "code": "EINVALIDTAGNAME",
    "summary": "Invalid tag name \"2>NUL\" of package \"2>NUL\": Tags may not have any characters that encodeURIComponent encodes.",
    "detail": ""
  }
}
[13:00:28.830] [DEBUG] Using cached package.json for e:\Rakesh\CommAPP\frontend\package.json...
[13:00:28.830] [DEBUG] Using cached package.json for e:\Rakesh\CommAPP\frontend\package.json...
[13:00:28.831] [INFO] - Configuring ESLint plugin
[13:00:28.849] [DEBUG] Using cached version for storybook...
[13:00:28.849] [DEBUG] Getting CLI versions from NPM for @storybook/nextjs-vite...
[13:00:28.849] [DEBUG] Executing command: npm info @storybook/nextjs-vite version
[13:00:28.858] [DEBUG] Getting CLI versions from NPM for @chromatic-com/storybook...
[13:00:28.858] [DEBUG] Executing command: npm info @chromatic-com/storybook version
[13:00:28.869] [DEBUG] Getting CLI versions from NPM for @storybook/addon-vitest...
[13:00:28.869] [DEBUG] Executing command: npm info @storybook/addon-vitest version
[13:00:28.880] [DEBUG] Getting CLI versions from NPM for @storybook/addon-a11y...
[13:00:28.880] [DEBUG] Executing command: npm info @storybook/addon-a11y version
[13:00:28.890] [DEBUG] Getting CLI versions from NPM for @storybook/addon-docs...
[13:00:28.890] [DEBUG] Executing command: npm info @storybook/addon-docs version
[13:00:28.902] [DEBUG] Getting CLI versions from NPM for @storybook/addon-onboarding...
[13:00:28.902] [DEBUG] Executing command: npm info @storybook/addon-onboarding version
[13:00:28.913] [DEBUG] Getting CLI versions from NPM for vite...
[13:00:28.913] [DEBUG] Executing command: npm info vite version
[13:00:28.924] [DEBUG] Getting CLI versions from NPM for eslint-plugin-storybook...
[13:00:28.924] [DEBUG] Executing command: npm info eslint-plugin-storybook version
[13:00:32.222] [INFO] - Configuring main.js
[13:00:32.224] [INFO] - Configuring preview.js
[13:00:32.225] [INFO] - Adding Storybook command to package.json
[13:00:32.226] [DEBUG] Getting package.json info for e:/Rakesh/CommAPP/frontend/package.json...
[13:00:32.226] [DEBUG] Using cached package.json for e:\Rakesh\CommAPP\frontend\package.json...
[13:00:32.228] [INFO] - Copying framework templates
[13:00:32.270] [DEBUG] Executing command: npm config get registry -ws=false -iwr
[13:00:33.931] [INFO] Storybook configuration generated
[13:00:33.932] [DEBUG] Using cached package.json for e:\Rakesh\CommAPP\frontend\package.json...
[13:00:33.932] [DEBUG] Using cached installed version for vitest...
[13:00:33.932] [DEBUG] Getting installed version for @vitest/coverage-v8...
[13:00:33.932] [DEBUG] Executing command: npm ls --json --depth=99 2>NUL
[13:00:34.891] [DEBUG] Executing command: npm ls --json --depth=0 2>NUL
[13:00:35.983] [DEBUG] An issue occurred while trying to find dependencies metadata using npm: Error: Command failed with exit code 1: npm.cmd ls --json --depth=0 2>NUL
npm error code EINVALIDTAGNAME
npm error Invalid tag name "2>NUL" of package "2>NUL": Tags may not have any characters that encodeURIComponent encodes.
npm error A complete log of this run can be found in: C:\Users\dhuri\AppData\Local\npm-cache\_logs\2025-12-04T07_30_35_174Z-debug-0.log
{
  "error": {
    "code": "EINVALIDTAGNAME",
    "summary": "Invalid tag name \"2>NUL\" of package \"2>NUL\": Tags may not have any characters that encodeURIComponent encodes.",
    "detail": ""
  }
}
[13:00:35.983] [DEBUG] Getting installed version for @vitest/coverage-istanbul...
[13:00:35.983] [DEBUG] Executing command: npm ls --json --depth=99 2>NUL
[13:00:36.981] [DEBUG] Executing command: npm ls --json --depth=0 2>NUL
[13:00:37.944] [DEBUG] An issue occurred while trying to find dependencies metadata using npm: Error: Command failed with exit code 1: npm.cmd ls --json --depth=0 2>NUL
npm error code EINVALIDTAGNAME
npm error Invalid tag name "2>NUL" of package "2>NUL": Tags may not have any characters that encodeURIComponent encodes.
npm error A complete log of this run can be found in: C:\Users\dhuri\AppData\Local\npm-cache\_logs\2025-12-04T07_30_37_246Z-debug-0.log
{
  "error": {
    "code": "EINVALIDTAGNAME",
    "summary": "Invalid tag name \"2>NUL\" of package \"2>NUL\": Tags may not have any characters that encodeURIComponent encodes.",
    "detail": ""
  }
}
[13:00:37.944] [INFO] Adding devDependencies:
- storybook@^10.1.4
- @storybook/nextjs-vite@^10.1.4
- @chromatic-com/storybook@^4.1.3
- @storybook/addon-vitest@^10.1.4
- @storybook/addon-a11y@^10.1.4
- @storybook/addon-docs@^10.1.4
- @storybook/addon-onboarding@^10.1.4
- vite@^7.2.6
- eslint-plugin-storybook@^10.1.4
- vitest
- playwright
- @vitest/browser-playwright
- @vitest/coverage-v8
[13:00:37.945] [DEBUG] Using cached package.json for e:\Rakesh\CommAPP\frontend\package.json...
[13:00:37.945] [DEBUG] Using cached version for storybook...
[13:00:37.945] [DEBUG] Using cached version for @storybook/nextjs-vite...
[13:00:37.945] [DEBUG] Using cached version for @chromatic-com/storybook...
[13:00:37.945] [DEBUG] Using cached version for @storybook/addon-vitest...
[13:00:37.945] [DEBUG] Using cached version for @storybook/addon-a11y...
[13:00:37.945] [DEBUG] Using cached version for @storybook/addon-docs...
[13:00:37.945] [DEBUG] Using cached version for @storybook/addon-onboarding...
[13:00:37.945] [DEBUG] Using cached version for vite...
[13:00:37.945] [DEBUG] Using cached version for eslint-plugin-storybook...
[13:00:37.945] [DEBUG] Getting CLI versions from NPM for vitest...
[13:00:37.945] [DEBUG] Executing command: npm info vitest version
[13:00:38.788] [DEBUG] Getting CLI versions from NPM for playwright...
[13:00:38.788] [DEBUG] Executing command: npm info playwright version
[13:00:40.400] [DEBUG] Getting CLI versions from NPM for @vitest/browser-playwright...
[13:00:40.400] [DEBUG] Executing command: npm info @vitest/browser-playwright version
[13:00:41.237] [DEBUG] Getting CLI versions from NPM for @vitest/coverage-v8...
[13:00:41.237] [DEBUG] Executing command: npm info @vitest/coverage-v8 version
[13:00:42.463] [INFO] Dependencies added to package.json
[13:00:42.464] [INFO] Installing dependencies...
[13:00:42.464] [INFO] Installing dependencies...
[13:00:42.464] [DEBUG] Executing command: npm install
[13:00:56.985] [ERROR] Installation of dependencies failed! {"error":"Error: Command failed with exit code 1: npm.cmd install\nnpm warn ERESOLVE overriding peer dependency\nnpm warn While resolving: @storybook/addon-actions@8.6.14\nnpm warn Found: storybook@10.1.4\nnpm warn node_modules/storybook\nnpm warn   peer storybook@\"^10.1.4\" from @storybook/addon-links@10.1.4\nnpm warn   node_modules/@storybook/addon-links\nnpm warn     dev @storybook/addon-links@\"^10.1.4\" from community-app-frontend@1.0.0\nnpm warn     frontend\nnpm warn   19 more (@storybook/builder-webpack5, ...)\nnpm warn\nnpm warn Could not resolve dependency:\nnpm warn peer storybook@\"^8.6.14\" from @storybook/addon-actions@8.6.14\nnpm warn node_modules/@storybook/addon-actions\nnpm warn   @storybook/addon-actions@\"8.6.14\" from @storybook/addon-essentials@8.6.14\nnpm warn   node_modules/@storybook/addon-essentials\nnpm warn\nnpm warn Conflicting peer dependency: storybook@8.6.14\nnpm warn node_modules/storybook\nnpm warn   peer storybook@\"^8.6.14\" from @storybook/addon-actions@8.6.14\nnpm warn   node_modules/@storybook/addon-actions\nnpm warn     @storybook/addon-actions@\"8.6.14\" from @storybook/addon-essentials@8.6.14\nnpm warn     node_modules/@storybook/addon-essentials\nnpm warn ERESOLVE overriding peer dependency\nnpm warn While resolving: @storybook/addon-backgrounds@8.6.14\nnpm warn Found: storybook@10.1.4\nnpm warn node_modules/storybook\nnpm warn   peer storybook@\"^10.1.4\" from @storybook/addon-links@10.1.4\nnpm warn   node_modules/@storybook/addon-links\nnpm warn     dev @storybook/addon-links@\"^10.1.4\" from community-app-frontend@1.0.0\nnpm warn     frontend\nnpm warn   19 more (@storybook/builder-webpack5, ...)\nnpm warn\nnpm warn Could not resolve dependency:\nnpm warn peer storybook@\"^8.6.14\" from @storybook/addon-backgrounds@8.6.14\nnpm warn node_modules/@storybook/addon-backgrounds\nnpm warn   @storybook/addon-backgrounds@\"8.6.14\" from @storybook/addon-essentials@8.6.14\nnpm warn   node_modules/@storybook/addon-essentials\nnpm warn\nnpm warn Conflicting peer dependency: storybook@8.6.14\nnpm warn node_modules/storybook\nnpm warn   peer storybook@\"^8.6.14\" from @storybook/addon-backgrounds@8.6.14\nnpm warn   node_modules/@storybook/addon-backgrounds\nnpm warn     @storybook/addon-backgrounds@\"8.6.14\" from @storybook/addon-essentials@8.6.14\nnpm warn     node_modules/@storybook/addon-essentials\nnpm warn ERESOLVE overriding peer dependency\nnpm warn While resolving: @storybook/addon-controls@8.6.14\nnpm warn Found: storybook@10.1.4\nnpm warn node_modules/storybook\nnpm warn   peer storybook@\"^10.1.4\" from @storybook/addon-links@10.1.4\nnpm warn   node_modules/@storybook/addon-links\nnpm warn     dev @storybook/addon-links@\"^10.1.4\" from community-app-frontend@1.0.0\nnpm warn     frontend\nnpm warn   19 more (@storybook/builder-webpack5, ...)\nnpm warn\nnpm warn Could not resolve dependency:\nnpm warn peer storybook@\"^8.6.14\" from @storybook/addon-controls@8.6.14\nnpm warn node_modules/@storybook/addon-controls\nnpm warn   @storybook/addon-controls@\"8.6.14\" from @storybook/addon-essentials@8.6.14\nnpm warn   node_modules/@storybook/addon-essentials\nnpm warn\nnpm warn Conflicting peer dependency: storybook@8.6.14\nnpm warn node_modules/storybook\nnpm warn   peer storybook@\"^8.6.14\" from @storybook/addon-controls@8.6.14\nnpm warn   node_modules/@storybook/addon-controls\nnpm warn     @storybook/addon-controls@\"8.6.14\" from @storybook/addon-essentials@8.6.14\nnpm warn     node_modules/@storybook/addon-essentials\nnpm warn ERESOLVE overriding peer dependency\nnpm warn While resolving: @storybook/addon-docs@8.6.14\nnpm warn Found: storybook@10.1.4\nnpm warn node_modules/storybook\nnpm warn   peer storybook@\"^10.1.4\" from @storybook/addon-links@10.1.4\nnpm warn   node_modules/@storybook/addon-links\nnpm warn     dev @storybook/addon-links@\"^10.1.4\" from community-app-frontend@1.0.0\nnpm warn     frontend\nnpm warn   19 more (@storybook/builder-webpack5, ...)\nnpm warn\nnpm warn Could not resolve dependency:\nnpm warn peer storybook@\"^8.6.14\" from @storybook/addon-docs@8.6.14\nnpm warn node_modules/@storybook/addon-docs\nnpm warn   @storybook/addon-docs@\"8.6.14\" from @storybook/addon-essentials@8.6.14\nnpm warn   node_modules/@storybook/addon-essentials\nnpm warn\nnpm warn Conflicting peer dependency: storybook@8.6.14\nnpm warn node_modules/storybook\nnpm warn   peer storybook@\"^8.6.14\" from @storybook/addon-docs@8.6.14\nnpm warn   node_modules/@storybook/addon-docs\nnpm warn     @storybook/addon-docs@\"8.6.14\" from @storybook/addon-essentials@8.6.14\nnpm warn     node_modules/@storybook/addon-essentials\nnpm error code ERESOLVE\nnpm error ERESOLVE could not resolve\nnpm error\nnpm error While resolving: @storybook/addon-essentials@8.6.14\nnpm error Found: storybook@10.1.4\nnpm error node_modules/storybook\nnpm error   peer storybook@\"^10.1.4\" from @storybook/addon-links@10.1.4\nnpm error   node_modules/@storybook/addon-links\nnpm error     dev @storybook/addon-links@\"^10.1.4\" from community-app-frontend@1.0.0\nnpm error     frontend\nnpm error       community-app-frontend@1.0.0\nnpm error       node_modules/community-app-frontend\nnpm error         workspace frontend from the root project\nnpm error   peer storybook@\"^10.1.4\" from @storybook/builder-webpack5@10.1.4\nnpm error   node_modules/@storybook/builder-webpack5\nnpm error     @storybook/builder-webpack5@\"10.1.4\" from @storybook/nextjs@10.1.4\nnpm error     node_modules/@storybook/nextjs\nnpm error       dev @storybook/nextjs@\"^10.1.4\" from community-app-frontend@1.0.0\nnpm error       frontend\nnpm error         community-app-frontend@1.0.0\nnpm error         node_modules/community-app-frontend\nnpm error   18 more (@storybook/core-webpack, @storybook/nextjs, ...)\nnpm error\nnpm error Could not resolve dependency:\nnpm error peer storybook@\"^8.6.14\" from @storybook/addon-essentials@8.6.14\nnpm error node_modules/@storybook/addon-essentials\nnpm error   dev @storybook/addon-essentials@\"^8.6.14\" from community-app-frontend@1.0.0\nnpm error   frontend\nnpm error     community-app-frontend@1.0.0\nnpm error     node_modules/community-app-frontend\nnpm error       workspace frontend from the root project\nnpm error\nnpm error Conflicting peer dependency: storybook@8.6.14\nnpm error node_modules/storybook\nnpm error   peer storybook@\"^8.6.14\" from @storybook/addon-essentials@8.6.14\nnpm error   node_modules/@storybook/addon-essentials\nnpm error     dev @storybook/addon-essentials@\"^8.6.14\" from community-app-frontend@1.0.0\nnpm error     frontend\nnpm error       community-app-frontend@1.0.0\nnpm error       node_modules/community-app-frontend\nnpm error         workspace frontend from the root project\nnpm error\nnpm error Fix the upstream dependency conflict, or retry\nnpm error this command with --force or --legacy-peer-deps\nnpm error to accept an incorrect (and potentially broken) dependency resolution.\nnpm error\nnpm error\nnpm error For a full report see:\nnpm error C:\\Users\\dhuri\\AppData\\Local\\npm-cache\\_logs\\2025-12-04T07_30_42_688Z-eresolve-report.txt\nnpm error A complete log of this run can be found in: C:\\Users\\dhuri\\AppData\\Local\\npm-cache\\_logs\\2025-12-04T07_30_42_688Z-debug-0.log\n    at makeError (file:///C:/Users/dhuri/AppData/Local/npm-cache/_npx/b8dee972deeb6384/node_modules/storybook/dist/_node-chunks/chunk-QZJSO2TW.js:12911:95)\n    at file:///C:/Users/dhuri/AppData/Local/npm-cache/_npx/b8dee972deeb6384/node_modules/storybook/dist/_node-chunks/chunk-QZJSO2TW.js:13485:27\n    at process.processTicksAndRejections (node:internal/process/task_queues:105:5)\n    at async Object.executeTaskWithSpinner (file:///C:/Users/dhuri/AppData/Local/npm-cache/_npx/b8dee972deeb6384/node_modules/storybook/dist/_node-chunks/chunk-VUIYVJKC.js:3701:11)\n    at async NPMProxy.installDependencies (file:///C:/Users/dhuri/AppData/Local/npm-cache/_npx/b8dee972deeb6384/node_modules/storybook/dist/_node-chunks/chunk-QZJSO2TW.js:11259:5)\n    at async DependencyInstallationCommand.execute (file:///C:/Users/dhuri/AppData/Local/npm-cache/_npx/b8dee972deeb6384/node_modules/create-storybook/dist/_node-chunks/chunk-5TNC6MRJ.js:1518:9)\n    at async doInitiate (file:///C:/Users/dhuri/AppData/Local/npm-cache/_npx/b8dee972deeb6384/node_modules/create-storybook/dist/_node-chunks/chunk-5TNC6MRJ.js:2294:38)\n    at async file:///C:/Users/dhuri/AppData/Local/npm-cache/_npx/b8dee972deeb6384/node_modules/create-storybook/dist/_node-chunks/chunk-5TNC6MRJ.js:2329:20\n    at async withTelemetry (file:///C:/Users/dhuri/AppData/Local/npm-cache/_npx/b8dee972deeb6384/node_modules/storybook/dist/_node-chunks/chunk-6KX7N5UF.js:205:12)\n    at async initiate (file:///C:/Users/dhuri/AppData/Local/npm-cache/_npx/b8dee972deeb6384/node_modules/create-storybook/dist/_node-chunks/chunk-5TNC6MRJ.js:2322:24)"}
[13:00:56.985] [ERROR] [31mInstallation of dependencies failed![39m
[13:00:56.987] [WARN] The following addons couldn't be configured:

- @storybook/addon-vitest: https://storybook.js.org/docs/writing-tests/integrations/vitest-addon#manual-setup

Please follow each addon's configuration instructions manually.
[13:00:56.988] [WARN] Storybook setup completed, but some non-blocking errors occurred. Please check the log file below for details.
[13:00:56.989] [INFO] To run Storybook manually, run [36mnpm run storybook[39m. CTRL+C to stop.
[13:00:56.989] [INFO] Wanna know more about Storybook? Check out [36mhttps://storybook.js.org/[39m
Having trouble or want to chat? Join us at [36mhttps://discord.gg/storybook/[39m